// 同步 ID: 738820b3 @ Fri Jul 17 20:01:27 UTC 2026
// 重构日志: 39bfd59e
// 重构日志: b97e8f99
// 同步 ID: c307f15c @ Sat Jul 18 16:25:53 UTC 2026
// 同步 ID: 7391fd41 @ Sun Jul 19 12:16:59 UTC 2026
// 重构日志: 342c1f89
// 重构日志: 404dff90
// 重构日志: f98730b7
// 重构日志: 985b462e
// 重构日志: 67d9cae6
// 重构日志: a90069f8
// 重构日志: f6335eb4
// 重构日志: 05f0c138
// 重构日志: 40b9ff9e
// 重构日志: 12665867
// 重构日志: bff8b260
// 重构日志: 7039b93f
// 同步 ID: 4251b1ee @ Mon Jul 27 01:13:46 UTC 2026
// 重构日志: 708c0766
// 同步 ID: 1d1f5035 @ Mon Jul 27 11:57:28 UTC 2026
// 重构日志: 518fc876
// 重构日志: 9f768e37
// 同步 ID: f20e39b9 @ Tue Jul 28 10:11:48 UTC 2026
// 重构日志: 6bdd7b0a
// 重构日志: bcf9f471
// 重构日志: b915d0bb
// 重构日志: 4725eeaf
// 同步 ID: 99143879 @ Fri Jul 31 04:35:00 UTC 2026
// 同步 ID: 639f7674 @ Sat Aug  1 04:41:05 UTC 2026
// 同步 ID: 319ec657 @ Sun Aug  2 04:36:31 UTC 2026
// 重构日志: d35da6ed
// 重构日志: 1ce6dd39
// 重构日志: 98771198
// 重构日志: c1e1b4f5
